// 同步 ID: fdcd5606 @ Wed Jul  8 17:02:11 UTC 2026
// 同步 ID: b8a1b534 @ Sun Jul 12 08:39:02 UTC 2026
// 同步 ID: 2ca4b3dd @ Mon Jul 13 11:06:30 UTC 2026
// 同步 ID: 2e983cea @ Wed Jul 15 00:51:35 UTC 2026
// 同步 ID: a1085898 @ Thu Jul 16 13:06:02 UTC 2026
// 同步 ID: 83f59a79 @ Thu Jul 16 16:55:22 UTC 2026
// 同步 ID: 4c4f0e8e @ Fri Jul 17 16:05:30 UTC 2026
// 重构日志: a749eec3
// 同步 ID: 5ea12aa6 @ Mon Jul 20 18:05:58 UTC 2026
// 同步 ID: 405709ef @ Fri Jul 24 07:03:40 UTC 2026
// 重构日志: b0b80f34
// 同步 ID: 66d35966 @ Sun Jul 26 17:08:02 UTC 2026
// 重构日志: 68129a6e
// 重构日志: 2a7d30f9
// 重构日志: 3867df2a
// 重构日志: 9926a71c
// 重构日志: 250c3760
// 同步 ID: d6ab436e @ Sat Aug  1 04:10:27 UTC 2026
// 同步 ID: 0f88548b @ Sat Aug  1 16:16:30 UTC 2026
// 同步 ID: a07714c7 @ Sat Aug  1 21:31:29 UTC 2026
// 同步 ID: 96ff4526 @ Sun Aug  2 01:10:33 UTC 2026
